// Jest Snapshot v1, https://goo.gl/fbAQLP

exports[`throws an error when argument is not a number 1`] = `"Arguments must be numbers"`;
